
> intrust-platform@0.1.0 build
> next build

Γû▓ Next.js 16.1.6 (Turbopack)
- Environments: .env.local

npm : ΓÜá The 
"middleware" file 
convention is 
deprecated. Please use 
"proxy" instead. Learn 
more: https://nextjs.or
g/docs/messages/middlew
are-to-proxy
At line:1 char:1
+ npm run build > 
build_output.log 2>&1
+ ~~~~~~~~~~~~~~~~~~~~~
~~~~~~~~~~~~~~~~
    + CategoryInfo     
         : NotSpecifi  
  ed: (ΓÜá The "midd   
 le...leware-to-pro    
xy:String) [], Rem    
oteException
    + FullyQualifiedEr 
   rorId : NativeComm  
  andError
 
  Creating an optimized production build ...

> Build error occurred
Error: Turbopack build 
failed with 1 errors:
./lib/sprintVerify.js:7
:1
Module not found: 
Can't resolve 
'jsonwebtoken'
[0m [90m  5 |[39m 
[90m */[39m
 [90m  6 |[39m
[31m[1m>[22m[39m[9
0m  7 |[39m 
[36mimport[39m jwt 
[36mfrom[39m [32m'js
onwebtoken'[39m[33m;
[39m
 [90m    |[39m [31m
[1m^[22m[39m[31m[1m
^[22m[39m[31m[1m^[
22m[39m[31m[1m^[22m
[39m[31m[1m^[22m[3
9m[31m[1m^[22m[39m
[31m[1m^[22m[39m[31
m[1m^[22m[39m[31m[
1m^[22m[39m[31m[1m^
[22m[39m[31m[1m^[2
2m[39m[31m[1m^[22m
[39m[31m[1m^[22m[39
m[31m[1m^[22m[39m[
31m[1m^[22m[39m[31m
[1m^[22m[39m[31m[1
m^[22m[39m[31m[1m^
[22m[39m[31m[1m^[22
m[39m[31m[1m^[22m[
39m[31m[1m^[22m[39m
[31m[1m^[22m[39m[3
1m[1m^[22m[39m[31m
[1m^[22m[39m[31m[1m
^[22m[39m[31m[1m^[
22m[39m[31m[1m^[22m
[39m[31m[1m^[22m[3
9m[31m[1m^[22m[39m
[31m[1m^[22m[39m[31
m[1m^[22m[39m
 [90m  8 |[39m
 [90m  9 |[39m 
[36mclass[39m [33mSp
rintVerifyService[39m 
{
 [90m 10 |[39m     
constructor() {[0m



Import traces:
  App Route:
    
./lib/sprintVerify.js
    ./app/api/merchant/
apply/route.js

  Server Component:
    
./lib/sprintVerify.js
    ./app/actions/sprin
tVerifyActions.js

https://nextjs.org/docs
/messages/module-not-fo
und


    at <unknown> (./lib
/sprintVerify.js:7:1)
    at <unknown> (https
://nextjs.org/docs/mess
ages/module-not-found)
