=== SabPaisa Encryption Test ===

AES Key length (from authKey): 32 bytes ΓåÆ AES-256-GCM
HMAC Key length (from authIV): 48 bytes ΓåÆ HMAC-SHA384

Raw payload (530 chars):
payerName=Anand+Kumar+Shaw&payerEmail=anand.kumar%40sabpaisa.in&payerMobile=6291312929&clientTxnId=DJ020-2023-10-05-0001&amount=8625.00&clientCode=DJ020&transUserName=DJL754%40sp&transUserPassword=4q3qhgmJNM4m&callbackUrl=http%3A%2F%2Flocalhost%3A3000%2Fresponse&channelId=npm&udf1=&udf2=&udf3=&udf4=&udf5=&udf6=&udf7=&udf8=&udf9=&udf10=&udf11=&udf12=&udf13=&udf14=&udf15=&udf16=&udf17=&udf18=&udf19=&udf20=&payerVpa=&modeTransfer=&byPassFlag=&cardHolderName=&pan=&cardExpMonth=&cardExpYear=&cardType=&cvv=&browserDetails=&bankId=

Encrypted output (1212 hex chars):
BFA8F132F35F1370E2D217D53FAA6190EE864FCCE369E80EEF52F59C63BCCD8A80FD44C54E816DDC719638E6D9358CF4E813C5634699ADA6327E979CBBE3686232DCD74E1AE3C485A24C76ED2212D46A25FCF20429C182E20896CCE09638F36BABE6888F75B06C37F94408D45E7AD5358606C8D616A4835607576F6F17236AEC00E7636EBA2884E86373358F3E57F84957F54D8AE6CE55DB0B18B516514182EF3DC68069C538BA9FDA499C637393C8F4D8672E70A49722E091598C50A0D65A138A2225E32FD44915D30B349579F39263FF713C2F8B07DE06B1EF776ADD6415F886BBA662327CFD783ACF15D83630643FAB40AE65B6C82167F6CFF947BB52D8020B0105DD8098BBB7EF5297F59E73BAB1F808E6E0B475FB425877688E972E5AEE34BE04291CA9067BCC7B57A3F05B34858F92F50AC7C9465C3F4021CCD494FD6F631BB436EAFB877D0197D51857B1306BA0DF256ED44CB697D5C7EF69063327F6D1D00883882EFC794F884E97A809FD07158BD6DCC384868E8395B78A6FAA940DCC9E216319466D4266E814F0FC3A31A4E2CC68546E6A3795B4AE8AB0DC0306280EE4F5191619E2017D53AB9D7FC1A37D8F313023315E94E9A7F672911898F82967D06E53EF9D2826E2621B111A1F6C3F8C0634D42DB21A3B54389C38FA1068A5859CB5C89E5108F68566D05C796278895CB4C5B416A929A5BE8724B59D66ADB635F2B77E09EB9FD947C85CC0EA973593C1D5EC950FDB6DA0C0820E306B40B2CE1147F86FC9F339BD450F8BBCAC280A0DAA938EEF8056A5643112C0EE2BA9ECB567AE29D3BA69DAD9020885A756C09B11A28A4E9EDF5DCFE6BD38FE04AFCC

Format validation:
  Uppercase hex only: Γ£à YES
  Minimum length (152 hex chars = 76 bytes): Γ£à YES (1212 chars)
  Decrypt roundtrip: Γ£à PASS

Structure breakdown:
  Total bytes: 606
  HMAC (bytes 0-47): BFA8F132F35F1370E2D217D53FAA6190EE864FCC...
  IV   (bytes 48-59): E813C5634699ADA6327E979C
  Ciphertext+Tag (bytes 60+): 546 bytes
    Γå│ Ciphertext: 530 bytes
    Γå│ GCM Tag (last 16): 9B11A28A4E9EDF5DCFE6BD38FE04AFCC

=== Test Complete ===
node : (node:10456) 
[MODULE_TYPELESS_PACKAGE_JSON] 
Warning: Module type of file:///C:/
Users/2003a/Desktop/Projects/intrus
t-india/intrust-india-main/test-enc
ryption.js is not specified and it 
doesn't parse as CommonJS.
At line:1 char:1
+ node test-encryption.js > 
test-output.txt 2>&1; Get-Content 
test-outp ...
+ ~~~~~~~~~~~~~~~~~~~~~~~~~~~~~~~~~
~~~~~~~~~~~~~
    + CategoryInfo          : NotS 
   pecified: ((node:10456) [M...s  
  e as CommonJS.:String) [], Rem   
 oteException
    + FullyQualifiedErrorId : Nati 
   veCommandError
 
Reparsing as ES module because 
module syntax was detected. This 
incurs a performance overhead.
To eliminate this warning, add 
"type": "module" to C:\Users\2003a\
Desktop\Projects\intrust-india\intr
ust-india-main\package.json.
(Use `node --trace-warnings ...` 
to show where the warning was 
created)
